#-----------------------------------------------------------
# PlanAhead v14.7 (64-bit)
# Build 321239 by xbuild on Fri Sep 27 19:29:51 MDT 2013
# Start of session at: Mon May 02 19:39:29 2022
# Process ID: 7148
# Log file: C:/Xilinx/projects 14.7/Trabalho01/planAhead_run_1/planAhead.log
# Journal file: C:/Xilinx/projects 14.7/Trabalho01/planAhead_run_1/planAhead.jou
#-----------------------------------------------------------
start_gui
source {C:/Xilinx/projects 14.7/Trabalho01/pa.fromHdl.tcl}
update_compile_order -fileset sim_1
startgroup
set_property package_pin E14 [get_ports A]
endgroup
startgroup
set_property package_pin E14 [get_ports A]
endgroup
startgroup
set_property package_pin G13 [get_ports B]
endgroup
startgroup
set_property package_pin N15 [get_ports C]
endgroup
startgroup
set_property package_pin P15 [get_ports D]
endgroup
startgroup
set_property package_pin R16 [get_ports E]
endgroup
startgroup
set_property package_pin F13 [get_ports F]
endgroup
startgroup
set_property package_pin N16 [get_ports G]
endgroup
startgroup
set_property package_pin K12 [get_ports S0]
endgroup
startgroup
set_property package_pin P14 [get_ports S1]
endgroup
startgroup
set_property package_pin L12 [get_ports S2]
endgroup
startgroup
set_property package_pin N14 [get_ports S3]
endgroup
startgroup
set_property package_pin P13 [get_ports C0]
endgroup
startgroup
set_property package_pin N12 [get_ports C1]
endgroup
startgroup
set_property package_pin P12 [get_ports C2]
endgroup
startgroup
set_property package_pin P11 [get_ports C3]
endgroup
startgroup
set_property package_pin T9 [get_ports Clock]
endgroup
startgroup
set_property package_pin P11 [get_ports C3]
endgroup
save_constraints
